../Core/User/OLED/OLED_1in51.c:39:13:OLED_1in51_Reset	8	static
../Core/User/OLED/OLED_1in51.c:53:13:OLED_1in51_WriteReg	16	static
../Core/User/OLED/OLED_1in51.c:73:13:OLED_1in51_WriteData	16	static
../Core/User/OLED/OLED_1in51.c:97:13:OLED_1in51_InitReg	8	static
../Core/User/OLED/OLED_1in51.c:135:6:OLED_1IN51_Init	8	static
../Core/User/OLED/OLED_1in51.c:152:6:OLED_1IN51_Clear	16	static
../Core/User/OLED/OLED_1in51.c:175:6:OLED_1IN51_Display	24	static
../Core/User/OLED/OLED_1in51.c:195:7:radians	16	static
