../Core/User/OLED/OLED_0in96_rgb.c:39:13:OLED_Reset	8	static
../Core/User/OLED/OLED_0in96_rgb.c:52:13:OLED_WriteReg	16	static
../Core/User/OLED/OLED_0in96_rgb.c:74:13:OLED_WriteData	16	static
../Core/User/OLED/OLED_0in96_rgb.c:101:13:OLED_InitReg	8	static
../Core/User/OLED/OLED_0in96_rgb.c:151:6:OLED_0in96_rgb_Init	8	static
../Core/User/OLED/OLED_0in96_rgb.c:179:6:OLED_0in96_rgb_Clear	16	static
../Core/User/OLED/OLED_0in96_rgb.c:198:6:OLED_0in96_rgb_Clear_color	24	static
../Core/User/OLED/OLED_0in96_rgb.c:226:6:OLED_0in96_rgb_Display	24	static
../Core/User/OLED/OLED_0in96_rgb.c:251:6:OLED_0in96_rgb_Display_Part	24	static
