../Core/User/OLED/OLED_1in5_b.c:39:13:OLED_Reset	8	static
../Core/User/OLED/OLED_1in5_b.c:52:13:OLED_WriteReg	16	static
../Core/User/OLED/OLED_1in5_b.c:74:13:OLED_WriteData	16	static
../Core/User/OLED/OLED_1in5_b.c:101:13:OLED_InitReg	8	static
../Core/User/OLED/OLED_1in5_b.c:149:6:OLED_1in5_B_Init	8	static
../Core/User/OLED/OLED_1in5_b.c:169:6:OLED_1in5_B_Clear	24	static
../Core/User/OLED/OLED_1in5_b.c:185:6:OLED_1in5_B_Clear_White	24	static
../Core/User/OLED/OLED_1in5_b.c:206:14:reverse	16	static
../Core/User/OLED/OLED_1in5_b.c:218:6:OLED_1in5_B_Display	32	static
../Core/User/OLED/OLED_1in5_b.c:241:6:OLED_1in5_B_Display_Test	32	static
